    Compiling obolus/obolus-contracts 0.0.1 (.)
